manifest should match snapshot:
  1: |
    apiVersion: v1
    kind: PersistentVolumeClaim
    metadata:
      name: RELEASE-NAME-docker-mailserver-mail-config
    spec:
      accessModes:
        - ReadWriteOnce
      resources:
        requests:
          storage: 1Mi
  2: |
    apiVersion: v1
    kind: PersistentVolumeClaim
    metadata:
      name: RELEASE-NAME-docker-mailserver-mail-data
    spec:
      accessModes:
        - ReadWriteOnce
      resources:
        requests:
          storage: 10Gi
  3: |
    apiVersion: v1
    kind: PersistentVolumeClaim
    metadata:
      name: RELEASE-NAME-docker-mailserver-mail-log
    spec:
      accessModes:
        - ReadWriteOnce
      resources:
        requests:
          storage: 1Gi
  4: |
    apiVersion: v1
    kind: PersistentVolumeClaim
    metadata:
      name: RELEASE-NAME-docker-mailserver-mail-state
    spec:
      accessModes:
        - ReadWriteOnce
      resources:
        requests:
          storage: 1Gi
should apply annotations from persistent_volume_claims.annotations:
  1: |
    apiVersion: v1
    kind: PersistentVolumeClaim
    metadata:
      annotations:
        backup.banana.io/deltas: pancakes
      name: RELEASE-NAME-docker-mailserver-mail-config
    spec:
      accessModes:
        - ReadWriteOnce
      resources:
        requests:
          storage: 1Mi
  2: |
    apiVersion: v1
    kind: PersistentVolumeClaim
    metadata:
      name: RELEASE-NAME-docker-mailserver-mail-data
    spec:
      accessModes:
        - ReadWriteOnce
      resources:
        requests:
          storage: 10Gi
  3: |
    apiVersion: v1
    kind: PersistentVolumeClaim
    metadata:
      name: RELEASE-NAME-docker-mailserver-mail-log
    spec:
      accessModes:
        - ReadWriteOnce
      resources:
        requests:
          storage: 1Gi
  4: |
    apiVersion: v1
    kind: PersistentVolumeClaim
    metadata:
      name: RELEASE-NAME-docker-mailserver-mail-state
    spec:
      accessModes:
        - ReadWriteOnce
      resources:
        requests:
          storage: 1Gi
