manifest should match snapshot:
  1: |
    apiVersion: apps/v1
    kind: Deployment
    metadata:
      labels:
        app.kubernetes.io/name: RELEASE-NAME-docker-mailserver
        chart: docker-mailserver-1.0.0
        heritage: Helm
        release: RELEASE-NAME
      name: RELEASE-NAME-docker-mailserver
    spec:
      replicas: 1
      selector:
        matchLabels:
          app.kubernetes.io/name: RELEASE-NAME-docker-mailserver
          release: RELEASE-NAME
      strategy:
        type: Recreate
      template:
        metadata:
          labels:
            app.kubernetes.io/name: RELEASE-NAME-docker-mailserver
            release: RELEASE-NAME
        spec:
          containers:
            - env:
                - name: AMAVIS_LOGLEVEL
                  value: "0"
                - name: DOVECOT_INET_PROTOCOLS
                  value: all
                - name: DOVECOT_MAILBOX_FORMAT
                  value: maildir
                - name: ENABLE_AMAVIS
                  value: "0"
                - name: ENABLE_CLAMAV
                  value: "0"
                - name: ENABLE_DNSBL
                  value: "0"
                - name: ENABLE_FAIL2BAN
                  value: "0"
                - name: ENABLE_FETCHMAIL
                  value: "0"
                - name: ENABLE_GETMAIL
                  value: "0"
                - name: ENABLE_IMAP
                  value: "1"
                - name: ENABLE_OPENDKIM
                  value: "0"
                - name: ENABLE_OPENDMARC
                  value: "0"
                - name: ENABLE_POLICYD_SPF
                  value: "0"
                - name: ENABLE_POSTGREY
                  value: "0"
                - name: ENABLE_QUOTAS
                  value: "1"
                - name: ENABLE_RSPAMD
                  value: "1"
                - name: ENABLE_RSPAMD_REDIS
                  value: "1"
                - name: ENABLE_SASLAUTHD
                  value: "0"
                - name: ENABLE_SPAMASSASSIN
                  value: "0"
                - name: ENABLE_SPAMASSASSIN_KAM
                  value: "0"
                - name: ENABLE_SRS
                  value: "0"
                - name: ENABLE_UPDATE_CHECK
                  value: "1"
                - name: FAIL2BAN_BLOCKTYPE
                  value: drop
                - name: FETCHMAIL_PARALLEL
                  value: "0"
                - name: FETCHMAIL_POLL
                  value: "300"
                - name: GETMAIL_POLL
                  value: "5"
                - name: LOGROTATE_COUNT
                  value: "4"
                - name: LOGROTATE_INTERVAL
                  value: weekly
                - name: LOG_LEVEL
                  value: info
                - name: MARK_SPAM_AS_READ
                  value: "0"
                - name: MOVE_SPAM_TO_JUNK
                  value: "1"
                - name: OVERRIDE_HOSTNAME
                  value: mail.example.com
                - name: PERMIT_DOCKER
                  value: none
                - name: POSTFIX_INET_PROTOCOLS
                  value: all
                - name: POSTFIX_REJECT_UNKNOWN_CLIENT_HOSTNAME
                  value: "0"
                - name: POSTGREY_AUTO_WHITELIST_CLIENTS
                  value: "5"
                - name: POSTGREY_DELAY
                  value: "300"
                - name: POSTGREY_MAX_AGE
                  value: "35"
                - name: POSTGREY_TEXT
                  value: Delayed by Postgrey
                - name: POSTSCREEN_ACTION
                  value: enforce
                - name: RELAY_PORT
                  value: "25"
                - name: RSPAMD_CHECK_AUTHENTICATED
                  value: "0"
                - name: RSPAMD_GREYLISTING
                  value: "0"
                - name: RSPAMD_HFILTER
                  value: "1"
                - name: RSPAMD_HFILTER_HOSTNAME_UNKNOWN_SCORE
                  value: "6"
                - name: RSPAMD_LEARN
                  value: "0"
                - name: RSPAMD_NEURAL
                  value: "0"
                - name: SA_KILL
                  value: "10"
                - name: SA_TAG
                  value: "2"
                - name: SA_TAG2
                  value: "6.31"
                - name: SPAMASSASSIN_SPAM_TO_INBOX
                  value: "1"
                - name: SPAM_SUBJECT
                  value: '***SPAM*** '
                - name: SRS_SENDER_CLASSES
                  value: envelope_sender
                - name: UPDATE_CHECK_INTERVAL
                  value: 1d
              image: mailserver/docker-mailserver:0.1.0
              imagePullPolicy: IfNotPresent
              livenessProbe:
                exec:
                  command:
                    - /bin/bash
                    - -c
                    - supervisorctl status | grep -E "amavis|clamav|cron|dovecot|mailserver|opendkim|opendmarc|postfix|rsyslog" | grep RUNNING
                failureThreshold: 3
                initialDelaySeconds: 10
                timeoutSeconds: 5
              name: docker-mailserver
              ports:
                - containerPort: 25
                  name: smtp
                - containerPort: 465
                  name: submissions
                - containerPort: 587
                  name: submission
                - containerPort: 12525
                  name: smtp-proxy
                - containerPort: 10465
                  name: subs-proxy
                - containerPort: 10587
                  name: sub-proxy
                - containerPort: 143
                  name: imap
                - containerPort: 993
                  name: imaps
                - containerPort: 10143
                  name: imap-proxy
                - containerPort: 10993
                  name: imaps-proxy
                - containerPort: 11334
                  name: rspamd
              readinessProbe:
                exec:
                  command:
                    - /bin/bash
                    - -c
                    - supervisorctl status | grep -E "mailserver|postfix" | grep RUNNING
                failureThreshold: 3
                initialDelaySeconds: 10
                timeoutSeconds: 5
              resources:
                limits:
                  cpu: "2"
                  ephemeral-storage: 500Mi
                  memory: 2048Mi
                requests:
                  cpu: "1"
                  ephemeral-storage: 100Mi
                  memory: 1536Mi
              securityContext:
                privileged: false
                readOnlyRootFilesystem: false
              volumeMounts:
                - mountPath: /tmp/docker-mailserver/dovecot.cf
                  name: dovecot-cf
                  subPath: dovecot.cf
                - mountPath: /etc/dovecot/conf.d/10-plugin.conf
                  name: fts-xapian-plugin-conf
                  subPath: fts-xapian-plugin.conf
                - mountPath: /tmp/docker-mailserver/user-patches.sh
                  name: user-patches-sh
                  subPath: user-patches.sh
                - mountPath: /tmp/docker-mailserver/secret.yaml
                  name: mailserver-secret-yaml
                  subPath: mailserver-secret.yaml
                - mountPath: /tmp/docker-mailserver
                  name: mail-config
                - mountPath: /var/mail
                  name: mail-data
                - mountPath: /var/log/mail
                  name: mail-log
                - mountPath: /var/mail-state
                  name: mail-state
          nodeSelector: {}
          priorityClassName: null
          restartPolicy: Always
          runtimeClassName: null
          securityContext: null
          serviceAccountName: RELEASE-NAME-docker-mailserver
          volumes:
            - configMap:
                name: dovecot-cf
              name: dovecot-cf
            - configMap:
                name: fts-xapian-plugin-conf
              name: fts-xapian-plugin-conf
            - configMap:
                name: user-patches-sh
              name: user-patches-sh
            - name: mailserver-secret-yaml
              secret:
                secretName: mailserver-secret-yaml
            - name: mail-config
              persistentVolumeClaim:
                claimName: RELEASE-NAME-docker-mailserver-mail-config
            - name: mail-data
              persistentVolumeClaim:
                claimName: RELEASE-NAME-docker-mailserver-mail-data
            - name: mail-log
              persistentVolumeClaim:
                claimName: RELEASE-NAME-docker-mailserver-mail-log
            - name: mail-state
              persistentVolumeClaim:
                claimName: RELEASE-NAME-docker-mailserver-mail-state
  2: |
    apiVersion: v1
    data:
      mailserver-secret.yaml: |
        bWFpbHNlcnZlci11c2VybmFtZTogdGVzdAogICAgICAgICAgICBtYWlsc2VydmVyLXBhc3N3b3JkOiB0ZXN0
    kind: Secret
    metadata:
      labels:
        app.kubernetes.io/name: RELEASE-NAME-docker-mailserver
        chart: docker-mailserver-1.0.0
        heritage: Helm
        release: RELEASE-NAME
      name: mailserver-secret-yaml
